// Jest Snapshot v1, https://goo.gl/fbAQLP

exports[`Table Body Props Renders \`columnConfig\` and \`rowData\` props correctly 1`] = `
<tbody
  className="brew-TableBody"
>
  <tr
    className="brew-TableRow"
  >
    <td
      className="brew-TableCell"
    >
      Row1-ColA
    </td>
    <td
      className="brew-TableCell"
    >
      Row1-ColB
    </td>
    <td
      className="brew-TableCell"
    >
      Row1-ColC
    </td>
  </tr>
  <tr
    className="brew-TableRow"
  >
    <td
      className="brew-TableCell"
    >
      Row2-ColA
    </td>
    <td
      className="brew-TableCell"
    >
      Row2-ColB
    </td>
    <td
      className="brew-TableCell"
    >
      Row2-ColC
    </td>
  </tr>
  <tr
    className="brew-TableRow"
  >
    <td
      className="brew-TableCell"
    >
      Row3-ColA
    </td>
    <td
      className="brew-TableCell"
    >
      Row3-ColB
    </td>
    <td
      className="brew-TableCell"
    >
      Row3-ColC
    </td>
  </tr>
</tbody>
`;

exports[`Table Body Renders correctly 1`] = `
<tbody
  className="brew-TableBody"
>
  <tr>
    <td>
      Row1-Col1
    </td>
    <td>
      Row1-Col2
    </td>
    <td>
      Row1-Col3
    </td>
  </tr>
  <tr>
    <td>
      Row2-Col1
    </td>
    <td>
      Row2-Col2
    </td>
    <td>
      Row2-Col3
    </td>
  </tr>
</tbody>
`;
