// Jest Snapshot v1, https://goo.gl/fbAQLP

exports[`renders correctly 1`] = `
<span
  className="brew-Typography brew-Typography--variant-inherit brew-Typography--color-initial brew-Typography--align-inherit brew-Typography--display-initial"
>
  Foo
</span>
`;
