// Jest Snapshot v1, https://goo.gl/fbAQLP

exports[`Status Card Renders correctly 1`] = `
<div
  className="brew-StatusCard brew-StatusCard--standard brew-StatusCard--color-success"
>
  <section
    className="icon"
  >
    <i
      className="brew-Icon material-icons brew-Icon--color-success brew-Icon--size-inherit"
    >
      business
    </i>
  </section>
  <section>
    <h1
      className="brew-Typography brew-Typography--variant-h1 brew-Typography--color-success brew-Typography--align-inherit brew-Typography--display-initial"
    >
      hi
    </h1>
    <span
      className="brew-Typography brew-Typography--variant-body1 brew-Typography--color-success brew-Typography--align-inherit brew-Typography--display-initial"
    >
      bye
    </span>
  </section>
</div>
`;
