// Jest Snapshot v1, https://goo.gl/fbAQLP

exports[`renders correctly 1`] = `
Array [
  <div>
    foo
  </div>,
  <div
    style={
      Object {
        "display": "none",
      }
    }
  />,
]
`;
