// Jest Snapshot v1, https://goo.gl/fbAQLP

exports[`Breadcrumb renders correctly 1`] = `
<div
  className="brew-Breadcrumb"
>
  <span
    className="brew-Typography brew-Typography--variant-body2 brew-Typography--color-initial brew-Typography--align-inherit brew-Typography--display-initial"
  >
    <span
      className="brew-Typography brew-Typography--variant-body2 brew-Typography--color-initial brew-Typography--align-inherit brew-Typography--display-initial"
    >
      Test
    </span>
    <span
      className="brew-Breadcrumb__separator"
    />
  </span>
</div>
`;
