// Jest Snapshot v1, https://goo.gl/fbAQLP

exports[`Renders Form component 1`] = `
<form
  noValidate={true}
  onSubmit={[Function]}
>
  <div
    className="MuiFormControl-root MuiTextField-root"
  >
    <label
      className="MuiFormLabel-root MuiInputLabel-root MuiInputLabel-formControl MuiInputLabel-animated"
      data-shrink={false}
    >
      text1
    </label>
    <div
      className="MuiInputBase-root MuiInput-root MuiInput-underline MuiInputBase-formControl MuiInput-formControl"
      onClick={[Function]}
    >
      <input
        aria-invalid={false}
        autoFocus={false}
        className="MuiInputBase-input MuiInput-input"
        disabled={false}
        name="text1"
        onAnimationStart={[Function]}
        onBlur={[Function]}
        onChange={[Function]}
        onFocus={[Function]}
        placeholder="text"
        required={false}
        type="text"
      />
    </div>
  </div>
  <label
    className="MuiFormControlLabel-root"
  >
    <span
      className="MuiSwitch-root"
    >
      <span
        aria-disabled={false}
        className="MuiButtonBase-root MuiIconButton-root PrivateSwitchBase-root-6 MuiSwitch-switchBase MuiSwitch-colorSecondary"
        onBlur={[Function]}
        onDragLeave={[Function]}
        onFocus={[Function]}
        onKeyDown={[Function]}
        onKeyUp={[Function]}
        onMouseDown={[Function]}
        onMouseLeave={[Function]}
        onMouseUp={[Function]}
        onTouchEnd={[Function]}
        onTouchMove={[Function]}
        onTouchStart={[Function]}
        tabIndex={null}
      >
        <span
          className="MuiIconButton-label"
        >
          <input
            className="PrivateSwitchBase-input-9 MuiSwitch-input"
            name="switch"
            onChange={[Function]}
            type="checkbox"
          />
          <span
            className="MuiSwitch-thumb"
          />
        </span>
      </span>
      <span
        className="MuiSwitch-track"
      />
    </span>
    <span
      className="MuiTypography-root MuiFormControlLabel-label MuiTypography-body1"
    >
      Switch
    </span>
  </label>
  <label
    className="MuiFormControlLabel-root"
  >
    <span
      aria-disabled={false}
      className="MuiButtonBase-root MuiIconButton-root PrivateSwitchBase-root-6 MuiCheckbox-root MuiCheckbox-colorSecondary MuiIconButton-colorSecondary"
      onBlur={[Function]}
      onDragLeave={[Function]}
      onFocus={[Function]}
      onKeyDown={[Function]}
      onKeyUp={[Function]}
      onMouseDown={[Function]}
      onMouseLeave={[Function]}
      onMouseUp={[Function]}
      onTouchEnd={[Function]}
      onTouchMove={[Function]}
      onTouchStart={[Function]}
      tabIndex={null}
    >
      <span
        className="MuiIconButton-label"
      >
        <input
          className="PrivateSwitchBase-input-9"
          data-indeterminate={false}
          name="checkbox"
          onChange={[Function]}
          type="checkbox"
        />
        <div
          className="Checkbox-controlBase-10 Checkbox-uncheckedControl-11"
        >
          <div
            style={
              Object {
                "opacity": 0,
              }
            }
          />
        </div>
      </span>
    </span>
    <span
      className="MuiTypography-root MuiFormControlLabel-label MuiTypography-body1"
    >
      Checkbox
    </span>
  </label>
  <button
    className="MuiButtonBase-root MuiButton-root MuiButton-text Button-root-13"
    disabled={false}
    onBlur={[Function]}
    onDragLeave={[Function]}
    onFocus={[Function]}
    onKeyDown={[Function]}
    onKeyUp={[Function]}
    onMouseDown={[Function]}
    onMouseLeave={[Function]}
    onMouseUp={[Function]}
    onTouchEnd={[Function]}
    onTouchMove={[Function]}
    onTouchStart={[Function]}
    tabIndex={0}
    type="submit"
  >
    <span
      className="MuiButton-label"
    >
      <div
        className="Button-content-14"
      >
        <span>
          Submit
        </span>
      </div>
    </span>
  </button>
</form>
`;
