// Jest Snapshot v1, https://goo.gl/fbAQLP

exports[`renders correctly 1`] = `
Array [
  <div
    className="MuiChip-root brew-Flag brew-Flag--color-info"
    onKeyDown={[Function]}
    onKeyUp={[Function]}
  >
    <span
      className="MuiChip-label brew-Flag__label"
    >
      <span
        className="MuiTypography-root brew-Typography brew-Typography--display-initial brew-Typography--variant-caption brew-Typography--align-center brew-Flag__content MuiTypography-caption MuiTypography-alignCenter"
      >
        Default
      </span>
    </span>
  </div>,
  <div
    className="MuiChip-root brew-Flag brew-Flag--color-info brew-Flag--isEmpty"
    onKeyDown={[Function]}
    onKeyUp={[Function]}
  >
    <span
      className="MuiChip-label brew-Flag__label"
    >
      <span
        className="MuiTypography-root brew-Typography brew-Typography--display-initial brew-Typography--variant-caption brew-Typography--align-center brew-Flag__content MuiTypography-caption MuiTypography-alignCenter"
      />
    </span>
  </div>,
]
`;

exports[`renders correctly with various props 1`] = `
Array [
  <div
    className="MuiChip-root brew-Flag brew-Flag--color-info"
    onKeyDown={[Function]}
    onKeyUp={[Function]}
  >
    <span
      className="MuiChip-label brew-Flag__label"
    >
      <span
        className="MuiTypography-root brew-Typography brew-Typography--display-initial brew-Typography--variant-caption brew-Typography--align-center brew-Flag__content MuiTypography-caption MuiTypography-alignCenter"
      >
        Default
      </span>
    </span>
  </div>,
  <div
    className="MuiChip-root brew-Flag brew-Flag--color-success"
    onKeyDown={[Function]}
    onKeyUp={[Function]}
  >
    <span
      className="MuiChip-label brew-Flag__label"
    >
      <span
        className="MuiTypography-root brew-Typography brew-Typography--display-initial brew-Typography--variant-caption brew-Typography--align-center brew-Flag__content MuiTypography-caption MuiTypography-alignCenter"
      >
        Default
      </span>
    </span>
  </div>,
  <div
    className="MuiChip-root brew-Flag brew-Flag--color-warning"
    onKeyDown={[Function]}
    onKeyUp={[Function]}
  >
    <span
      className="MuiChip-label brew-Flag__label"
    >
      <span
        className="MuiTypography-root brew-Typography brew-Typography--display-initial brew-Typography--variant-caption brew-Typography--align-center brew-Flag__content MuiTypography-caption MuiTypography-alignCenter"
      >
        Default
      </span>
    </span>
  </div>,
  <div
    className="MuiChip-root brew-Flag brew-Flag--color-danger"
    onKeyDown={[Function]}
    onKeyUp={[Function]}
  >
    <span
      className="MuiChip-label brew-Flag__label"
    >
      <span
        className="MuiTypography-root brew-Typography brew-Typography--display-initial brew-Typography--variant-caption brew-Typography--align-center brew-Flag__content MuiTypography-caption MuiTypography-alignCenter"
      >
        Default
      </span>
    </span>
  </div>,
  <div
    className="MuiChip-root brew-Flag brew-Flag--color-light"
    onKeyDown={[Function]}
    onKeyUp={[Function]}
  >
    <span
      className="MuiChip-label brew-Flag__label"
    >
      <span
        className="MuiTypography-root brew-Typography brew-Typography--display-initial brew-Typography--variant-caption brew-Typography--align-center brew-Flag__content MuiTypography-caption MuiTypography-alignCenter"
      >
        Default
      </span>
    </span>
  </div>,
  <div
    className="MuiChip-root brew-Flag brew-Flag--color-dark"
    onKeyDown={[Function]}
    onKeyUp={[Function]}
  >
    <span
      className="MuiChip-label brew-Flag__label"
    >
      <span
        className="MuiTypography-root brew-Typography brew-Typography--display-initial brew-Typography--variant-caption brew-Typography--align-center brew-Flag__content MuiTypography-caption MuiTypography-alignCenter"
      >
        Default
      </span>
    </span>
  </div>,
]
`;
